
Number of lexical errors: 0

Number of syntax errors: 0

Number of type errors: 1
  #1: Call to undefined method 'callNotexistingMethod()' (line 5)
