
Number of lexical errors: 0

Number of syntax errors: 0

Number of type errors: 1
  #1: Double definition of method 'func(int bool)' in class 'Cls' (line 7)
