
Number of lexical errors: 0

Number of syntax errors: 0

Number of type errors: 1
  #1: Double definition of class 'Test' (line 5)
