
Number of lexical errors: 0

Number of syntax errors: 0

Number of type errors: 0

Number of type warnings: 1
  #1: line 9:5 Return: Found type: 'bool'. Coerced to: 'int'
