42
84
252
1008
5040
30240
211680
1693440
15240960
7620480
2540160
635040
127008
21168
3024
378
42
