
Number of lexical errors: 0

Number of syntax errors: 1
  #1: line 12:9 mismatched input ')' expecting {'(', 'nix', ADDOP, '!', INT_LIT, BOOL_LIT, ID, STRING_LIT}
