
Number of lexical errors: 0

Number of syntax errors: 1
  #1: line 6:1 extraneous input '}' expecting {'if', 'while', 'return', ID}
