
Number of lexical errors: 0

Number of syntax errors: 1
  #1: line 19:11 extraneous input '.' expecting {'(', 'new', 'nix', ADDOP, '!', INT_LIT, BOOL_LIT, ID, STRING_LIT}
