
Number of lexical errors: 0

Number of syntax errors: 1
  #1: line 6:19 extraneous input '/' expecting {'(', 'nix', ADDOP, '!', INT_LIT, BOOL_LIT, ID, STRING_LIT}
