
Number of lexical errors: 0

Number of syntax errors: 1
  #1: line 5:10 mismatched input ',' expecting {'=', '.'}
