
Number of lexical errors: 0

Number of syntax errors: 1
  #1: line 13:5 mismatched input 'return' expecting {')', '?', RELOP, MULOP, '&&', '||', ADDOP}
