
Number of lexical errors: 0

Number of syntax errors: 1
  #1: line 3:9 extraneous input '198' expecting ';'
