
Number of lexical errors: 0

Number of syntax errors: 1
  #1: line 6:3 missing ';' at 'c123'
