
Number of lexical errors: 0

Number of syntax errors: 1
  #1: line 8:1 extraneous input 'int' expecting {'}', AMOD, CLASS_TYPE}
