
Number of lexical errors: 0

Number of syntax errors: 1
  #1: line 2:22 missing ID at ';'
