
Number of lexical errors: 0

Number of syntax errors: 2
  #1: line 6:12 extraneous input ')' expecting {'(', 'nix', ADDOP, '!', INT_LIT, BOOL_LIT, ID, STRING_LIT}
  #2: line 6:15 missing ')' at ';'
