
Number of lexical errors: 0

Number of syntax errors: 1
  #1: line 5:9 missing ID at ';'
