
Number of lexical errors: 0

Number of syntax errors: 0
