
Number of lexical errors: 0

Number of syntax errors: 0

Number of type errors: 1
  #1: Operator '!' not defined for type 'String' (line 10)
