Trues below: 
true
true
true
true
true
False below: 
false
false
false
false
