
Number of lexical errors: 1
  #1: line 4:7 token recognition error at: '_'
