
Number of lexical errors: 1
  #1: line 6:3 token recognition error at: '$'
