
Number of lexical errors: 1
  #1: line 6:2 token recognition error at: '#'
