
Number of lexical errors: 1
  #1: line 4:10 token recognition error at: '|1'
