
Number of lexical errors: 1
  #1: line 4:6 token recognition error at: '['
