
Number of lexical errors: 1
  #1: line 4:11 token recognition error at: '_'
