
Number of lexical errors: 1
  #1: line 6:1 token recognition error at: '~'
