
Number of lexical errors: 1
  #1: line 4:9 token recognition error at: ']'
