
Number of lexical errors: 0

Number of syntax errors: 0

Number of type errors: 1
  #1: Method 'dontTouchMeEither()' from type 'Test' not visible (line 13)
